_:bnode0 <http://www.w3.org/1999/02/22-rdf-syntax-ns#type> <http://xmlns.com/foaf/0.1/Person> .
<http://rdfa.info/test-suite/test-cases/xhtml1/rdfa1.0/0297.xml> <http://xmlns.com/foaf/0.1/name> _:bnode0 .
