_:genid1 <http://example.librdf.org/shows> <http://example.librdf.org/bug> <http://example.librdf.org/x> .
_:genid1 <http://www.w3.org/1999/02/22-rdf-syntax-ns#type> <http://example.librdf.org/test> <http://example.librdf.org/x> .
